// Jest Snapshot v1, https://goo.gl/fbAQLP

exports[`should render edit expense page correctly 1`] = `
<div>
  <ExpenseForm
    existingExpense={
      Object {
        "amount": 195,
        "createdAt": 0,
        "description": "rent",
        "id": "1",
        "note": "first note",
      }
    }
    stateObjToParent={[Function]}
  />
  <button
    onClick={[Function]}
  >
    Remove expense
  </button>
</div>
`;
